warm[13592#fspss]: no callModel (no endpoint env and no live file)
warm[13623#xpmmp]: waiting a tick for the system prompt to settle
warm[13623#xpmmp]: tool set changed (18) — waiting a tick for it to settle
warm[13623#xpmmp]: WARMING 17646 chars, 18 tools [capability,use,read,write,edit,bash,update_plan,ask_user,present,generate_image,generate_video,generate_speech,generate_music,generate_sfx,web_search,web_fetch,spawn_subagent,talk_to_manager], hasUI=true
slot: 1788807073396 utility call starts — "."
warm[13623#xpmmp]: already warmed (same prompt + tools)
warm[13623#xpmmp]: already warmed (same prompt + tools)
warm[13623#xpmmp]: already warmed (same prompt + tools)
warm[13623#xpmmp]: already warmed (same prompt + tools)
warm[13623#xpmmp]: already warmed (same prompt + tools)
warm[13623#xpmmp]: already warmed (same prompt + tools)
slot: 1788807079621 utility call done in 6225ms — "."
warm[13623#xpmmp]: warm result ok=true in 6227ms
warm[13623#xpmmp]: already warmed (same prompt + tools)
warm[13623#xpmmp]: already warmed (same prompt + tools)
slot: 1788807082010 utility call starts — "Before continuing, respond with ONLY a JSON object describin"
slot: 1788807082031 utility call done in 21ms — "Before continuing, respond with ONLY a JSON object describin"
warm[13623#xpmmp]: already warmed (same prompt + tools)
warm[13623#xpmmp]: already warmed (same prompt + tools)
warm[13623#xpmmp]: pi rebuilt its system prompt (17646→17356 chars); keeping the frozen one so the KV prefix survives
warm[13623#xpmmp]: already warmed (same prompt + tools)
warm[13623#xpmmp]: pi rebuilt its system prompt (17646→17356 chars); keeping the frozen one so the KV prefix survives
warm[13623#xpmmp]: already warmed (same prompt + tools)
warm[13623#xpmmp]: pi rebuilt its system prompt (17646→17356 chars); keeping the frozen one so the KV prefix survives
warm[13623#xpmmp]: already warmed (same prompt + tools)
slot: 1788807087347 utility call starts — "Before continuing, respond with ONLY a JSON object describin"
warm[13623#xpmmp]: pi rebuilt its system prompt (17646→17356 chars); keeping the frozen one so the KV prefix survives
warm[13623#xpmmp]: already warmed (same prompt + tools)
warm[13623#xpmmp]: pi rebuilt its system prompt (17646→17356 chars); keeping the frozen one so the KV prefix survives
warm[13623#xpmmp]: already warmed (same prompt + tools)
warm[13623#xpmmp]: pi rebuilt its system prompt (17646→17356 chars); keeping the frozen one so the KV prefix survives
warm[13623#xpmmp]: already warmed (same prompt + tools)
warm[13623#xpmmp]: pi rebuilt its system prompt (17646→17356 chars); keeping the frozen one so the KV prefix survives
warm[13623#xpmmp]: already warmed (same prompt + tools)
warm[13623#xpmmp]: pi rebuilt its system prompt (17646→17356 chars); keeping the frozen one so the KV prefix survives
warm[13623#xpmmp]: already warmed (same prompt + tools)
warm[13623#xpmmp]: pi rebuilt its system prompt (17646→17356 chars); keeping the frozen one so the KV prefix survives
warm[13623#xpmmp]: already warmed (same prompt + tools)
slot: 1788807092472 utility call done in 5125ms — "Before continuing, respond with ONLY a JSON object describin"
warm[13623#xpmmp]: pi rebuilt its system prompt (17646→17356 chars); keeping the frozen one so the KV prefix survives
warm[13623#xpmmp]: already warmed (same prompt + tools)
warm[13623#xpmmp]: pi rebuilt its system prompt (17646→17356 chars); keeping the frozen one so the KV prefix survives
warm[13623#xpmmp]: already warmed (same prompt + tools)
warm[13623#xpmmp]: pi rebuilt its system prompt (17646→17356 chars); keeping the frozen one so the KV prefix survives
warm[13623#xpmmp]: already warmed (same prompt + tools)
warm[13623#xpmmp]: pi rebuilt its system prompt (17646→17356 chars); keeping the frozen one so the KV prefix survives
warm[13623#xpmmp]: already warmed (same prompt + tools)
warm[13623#xpmmp]: pi rebuilt its system prompt (17646→17356 chars); keeping the frozen one so the KV prefix survives
warm[13623#xpmmp]: already warmed (same prompt + tools)
warm[13623#xpmmp]: pi rebuilt its system prompt (17646→17356 chars); keeping the frozen one so the KV prefix survives
warm[13623#xpmmp]: already warmed (same prompt + tools)
warm[13623#xpmmp]: pi rebuilt its system prompt (17646→17356 chars); keeping the frozen one so the KV prefix survives
warm[13623#xpmmp]: already warmed (same prompt + tools)
warm[13623#xpmmp]: pi rebuilt its system prompt (17646→17356 chars); keeping the frozen one so the KV prefix survives
warm[13623#xpmmp]: already warmed (same prompt + tools)
warm[13623#xpmmp]: pi rebuilt its system prompt (17646→17356 chars); keeping the frozen one so the KV prefix survives
warm[13623#xpmmp]: already warmed (same prompt + tools)
warm[13623#xpmmp]: pi rebuilt its system prompt (17646→17356 chars); keeping the frozen one so the KV prefix survives
warm[13623#xpmmp]: already warmed (same prompt + tools)
warm[13623#xpmmp]: pi rebuilt its system prompt (17646→17356 chars); keeping the frozen one so the KV prefix survives
warm[13623#xpmmp]: already warmed (same prompt + tools)
warm[13623#xpmmp]: pi rebuilt its system prompt (17646→17356 chars); keeping the frozen one so the KV prefix survives
warm[13623#xpmmp]: already warmed (same prompt + tools)
warm[13623#xpmmp]: pi rebuilt its system prompt (17646→17356 chars); keeping the frozen one so the KV prefix survives
warm[13623#xpmmp]: already warmed (same prompt + tools)
warm[13623#xpmmp]: pi rebuilt its system prompt (17646→17356 chars); keeping the frozen one so the KV prefix survives
warm[13623#xpmmp]: already warmed (same prompt + tools)
warm[13623#xpmmp]: pi rebuilt its system prompt (17646→17356 chars); keeping the frozen one so the KV prefix survives
warm[13623#xpmmp]: already warmed (same prompt + tools)
warm[13623#xpmmp]: pi rebuilt its system prompt (17646→17356 chars); keeping the frozen one so the KV prefix survives
warm[13623#xpmmp]: already warmed (same prompt + tools)
warm[13623#xpmmp]: already warmed (same prompt + tools)
warm[13623#xpmmp]: already warmed (same prompt + tools)
warm[13623#xpmmp]: already warmed (same prompt + tools)
warm[13623#xpmmp]: already warmed (same prompt + tools)
slot: 1788807112866 utility call starts — "Before continuing, respond with ONLY a JSON object describin"
slot: 1788807112892 utility call done in 26ms — "Before continuing, respond with ONLY a JSON object describin"
warm[13623#xpmmp]: already warmed (same prompt + tools)
warm[13623#nmfx1]: waiting a tick for the system prompt to settle
warm[13623#nmfx1]: tool set changed (18) — waiting a tick for it to settle
warm[13623#nmfx1]: already warmed (same prompt + tools)
warm[13623#nmfx1]: already warmed (same prompt + tools)
warm[13623#nmfx1]: already warmed (same prompt + tools)
warm[13623#nmfx1]: already warmed (same prompt + tools)
warm[13623#nmfx1]: already warmed (same prompt + tools)
warm[13623#nmfx1]: already warmed (same prompt + tools)
warm[13623#nmfx1]: already warmed (same prompt + tools)
warm[13623#nmfx1]: already warmed (same prompt + tools)
warm[13623#nmfx1]: already warmed (same prompt + tools)
warm[13623#nmfx1]: already warmed (same prompt + tools)
warm[13623#nmfx1]: already warmed (same prompt + tools)
warm[13623#nmfx1]: already warmed (same prompt + tools)
warm[13623#nmfx1]: already warmed (same prompt + tools)
warm[13623#nmfx1]: already warmed (same prompt + tools)
warm[13623#nmfx1]: already warmed (same prompt + tools)
warm[13623#nmfx1]: already warmed (same prompt + tools)
warm[13623#nmfx1]: already warmed (same prompt + tools)
warm[13623#nmfx1]: already warmed (same prompt + tools)
slot: 1788807135216 utility call starts — "Before continuing, respond with ONLY a JSON object describin"
slot: 1788807135229 utility call done in 13ms — "Before continuing, respond with ONLY a JSON object describin"
warm[13623#ce05d]: the same prompt as the one already resident — keeping it, not re-reading it
warm[13623#ce05d]: tool set changed (18) — waiting a tick for it to settle
warm[13623#ce05d]: already warmed (same prompt + tools)
warm[13623#ce05d]: already warmed (same prompt + tools)
warm[13623#ce05d]: already warmed (same prompt + tools)
warm[13623#ce05d]: already warmed (same prompt + tools)
warm[13623#ce05d]: already warmed (same prompt + tools)
warm[13623#ce05d]: already warmed (same prompt + tools)
warm[13623#ce05d]: already warmed (same prompt + tools)
slot: 1788807142724 utility call starts — "Before continuing, respond with ONLY a JSON object describin"
slot: 1788807142747 utility call done in 23ms — "Before continuing, respond with ONLY a JSON object describin"
warm[13623#ce05d]: already warmed (same prompt + tools)
warm[13623#ce05d]: already warmed (same prompt + tools)
warm[13623#ce05d]: already warmed (same prompt + tools)
warm[13623#ce05d]: already warmed (same prompt + tools)
warm[13623#ce05d]: already warmed (same prompt + tools)
warm[13623#ce05d]: already warmed (same prompt + tools)
warm[13623#ce05d]: already warmed (same prompt + tools)
warm[13623#ce05d]: already warmed (same prompt + tools)
warm[13623#ce05d]: already warmed (same prompt + tools)
warm[13623#ce05d]: already warmed (same prompt + tools)
warm[13623#ce05d]: already warmed (same prompt + tools)
warm[13623#ce05d]: pi rebuilt its system prompt (17646→17356 chars); keeping the frozen one so the KV prefix survives
warm[13623#ce05d]: already warmed (same prompt + tools)
warm[13623#ce05d]: pi rebuilt its system prompt (17646→17356 chars); keeping the frozen one so the KV prefix survives
warm[13623#ce05d]: already warmed (same prompt + tools)
warm[13623#ce05d]: pi rebuilt its system prompt (17646→17356 chars); keeping the frozen one so the KV prefix survives
warm[13623#ce05d]: already warmed (same prompt + tools)
warm[13623#ce05d]: pi rebuilt its system prompt (17646→17356 chars); keeping the frozen one so the KV prefix survives
warm[13623#ce05d]: already warmed (same prompt + tools)
slot: 1788807158485 utility call starts — "Before continuing, respond with ONLY a JSON object describin"
warm[13623#d4d30]: the same prompt as the one already resident — keeping it, not re-reading it
warm[13623#d4d30]: tool set changed (18) — waiting a tick for it to settle
warm[13623#d4d30]: already warmed (same prompt + tools)
warm[13623#d4d30]: already warmed (same prompt + tools)
warm[13623#d4d30]: already warmed (same prompt + tools)
warm[13623#d4d30]: already warmed (same prompt + tools)
slot: 1788807163774 utility call done in 5289ms — "Before continuing, respond with ONLY a JSON object describin"
warm[13623#d4d30]: already warmed (same prompt + tools)
warm[13623#d4d30]: already warmed (same prompt + tools)
warm[13623#d4d30]: already warmed (same prompt + tools)
warm[13623#d4d30]: already warmed (same prompt + tools)
warm[13623#d4d30]: already warmed (same prompt + tools)
warm[13623#d4d30]: already warmed (same prompt + tools)
warm[13623#d4d30]: already warmed (same prompt + tools)
warm[13623#d4d30]: already warmed (same prompt + tools)
warm[13623#d4d30]: already warmed (same prompt + tools)
warm[13623#d4d30]: already warmed (same prompt + tools)
warm[13623#d4d30]: already warmed (same prompt + tools)
warm[13623#d4d30]: already warmed (same prompt + tools)
warm[13623#d4d30]: already warmed (same prompt + tools)
warm[13623#d4d30]: already warmed (same prompt + tools)
warm[13623#d4d30]: already warmed (same prompt + tools)
warm[13623#d4d30]: already warmed (same prompt + tools)
warm[13623#d4d30]: already warmed (same prompt + tools)
warm[13623#d4d30]: already warmed (same prompt + tools)
warm[13623#d4d30]: already warmed (same prompt + tools)
warm[13623#d4d30]: already warmed (same prompt + tools)
warm[13623#d4d30]: already warmed (same prompt + tools)
warm[13623#d4d30]: already warmed (same prompt + tools)
warm[13623#d4d30]: already warmed (same prompt + tools)
warm[13623#d4d30]: already warmed (same prompt + tools)
warm[13623#d4d30]: already warmed (same prompt + tools)
warm[13623#d4d30]: already warmed (same prompt + tools)
warm[13623#d4d30]: already warmed (same prompt + tools)
warm[13623#d4d30]: already warmed (same prompt + tools)
warm[13623#d4d30]: already warmed (same prompt + tools)
warm[13623#d4d30]: already warmed (same prompt + tools)
warm[13623#d4d30]: already warmed (same prompt + tools)
warm[13623#d4d30]: already warmed (same prompt + tools)
warm[13623#d4d30]: already warmed (same prompt + tools)
warm[13623#d4d30]: already warmed (same prompt + tools)
warm[13623#d4d30]: already warmed (same prompt + tools)
warm[13623#d4d30]: already warmed (same prompt + tools)
warm[13623#d4d30]: already warmed (same prompt + tools)
warm[13623#d4d30]: already warmed (same prompt + tools)
warm[13623#d4d30]: already warmed (same prompt + tools)
warm[13623#d4d30]: already warmed (same prompt + tools)
warm[13623#d4d30]: already warmed (same prompt + tools)
warm[13623#d4d30]: already warmed (same prompt + tools)
slot: 1788807206445 utility call starts — "Before continuing, respond with ONLY a JSON object describin"
slot: 1788807206459 utility call done in 14ms — "Before continuing, respond with ONLY a JSON object describin"
warm[13623#5o99p]: the same prompt as the one already resident — keeping it, not re-reading it
warm[13623#5o99p]: tool set changed (18) — waiting a tick for it to settle
warm[13623#5o99p]: already warmed (same prompt + tools)
warm[13623#5o99p]: already warmed (same prompt + tools)
warm[13623#5o99p]: already warmed (same prompt + tools)
warm[13623#5o99p]: already warmed (same prompt + tools)
warm[13623#5o99p]: already warmed (same prompt + tools)
warm[13623#5o99p]: already warmed (same prompt + tools)
warm[13623#5o99p]: already warmed (same prompt + tools)
warm[13623#5o99p]: already warmed (same prompt + tools)
warm[13623#5o99p]: already warmed (same prompt + tools)
warm[13623#5o99p]: already warmed (same prompt + tools)
warm[13623#5o99p]: already warmed (same prompt + tools)
warm[13623#5o99p]: already warmed (same prompt + tools)
warm[13623#5o99p]: already warmed (same prompt + tools)
warm[13623#5o99p]: already warmed (same prompt + tools)
warm[13623#5o99p]: already warmed (same prompt + tools)
warm[13623#5o99p]: already warmed (same prompt + tools)
warm[13623#5o99p]: already warmed (same prompt + tools)
warm[13623#5o99p]: already warmed (same prompt + tools)
warm[13623#5o99p]: already warmed (same prompt + tools)
warm[13623#5o99p]: already warmed (same prompt + tools)
warm[13623#5o99p]: already warmed (same prompt + tools)
warm[13623#5o99p]: already warmed (same prompt + tools)
warm[13623#5o99p]: already warmed (same prompt + tools)
warm[13623#5o99p]: already warmed (same prompt + tools)
warm[13623#5o99p]: already warmed (same prompt + tools)
warm[13623#5o99p]: already warmed (same prompt + tools)
warm[13623#5o99p]: already warmed (same prompt + tools)
warm[13623#5o99p]: already warmed (same prompt + tools)
warm[13623#5o99p]: already warmed (same prompt + tools)
warm[13623#5o99p]: already warmed (same prompt + tools)
warm[13623#5o99p]: already warmed (same prompt + tools)
warm[13623#5o99p]: already warmed (same prompt + tools)
warm[13623#5o99p]: already warmed (same prompt + tools)
warm[13623#5o99p]: already warmed (same prompt + tools)
warm[13623#5o99p]: already warmed (same prompt + tools)
warm[13623#5o99p]: already warmed (same prompt + tools)
warm[13623#5o99p]: already warmed (same prompt + tools)
warm[13623#5o99p]: already warmed (same prompt + tools)
warm[13623#5o99p]: already warmed (same prompt + tools)
slot: 1788807246924 utility call starts — "Before continuing, respond with ONLY a JSON object describin"
slot: 1788807246949 utility call done in 25ms — "Before continuing, respond with ONLY a JSON object describin"
warm[13623#5o99p]: already warmed (same prompt + tools)
warm[13623#5o99p]: already warmed (same prompt + tools)
warm[13623#5o99p]: already warmed (same prompt + tools)
warm[13623#5o99p]: already warmed (same prompt + tools)
warm[13623#5o99p]: already warmed (same prompt + tools)
warm[13623#5o99p]: already warmed (same prompt + tools)
warm[13623#5o99p]: already warmed (same prompt + tools)
warm[13623#5o99p]: already warmed (same prompt + tools)
warm[13623#5o99p]: already warmed (same prompt + tools)
warm[13623#5o99p]: already warmed (same prompt + tools)
warm[13623#5o99p]: already warmed (same prompt + tools)
warm[13623#5o99p]: already warmed (same prompt + tools)
warm[13623#5o99p]: already warmed (same prompt + tools)
warm[13623#5o99p]: already warmed (same prompt + tools)
warm[13623#5o99p]: already warmed (same prompt + tools)
warm[13623#5o99p]: already warmed (same prompt + tools)
warm[13623#5o99p]: already warmed (same prompt + tools)
warm[13623#5o99p]: already warmed (same prompt + tools)
warm[13623#5o99p]: already warmed (same prompt + tools)
warm[13623#5o99p]: already warmed (same prompt + tools)
warm[13623#5o99p]: already warmed (same prompt + tools)
warm[13623#5o99p]: already warmed (same prompt + tools)
warm[13623#5o99p]: already warmed (same prompt + tools)
warm[13623#5o99p]: already warmed (same prompt + tools)
warm[13623#5o99p]: already warmed (same prompt + tools)
warm[13623#5o99p]: already warmed (same prompt + tools)
warm[13623#5o99p]: already warmed (same prompt + tools)
warm[13623#5o99p]: already warmed (same prompt + tools)
warm[13623#5o99p]: already warmed (same prompt + tools)
warm[13623#5o99p]: already warmed (same prompt + tools)
warm[13623#5o99p]: already warmed (same prompt + tools)
warm[13623#5o99p]: already warmed (same prompt + tools)
warm[13623#5o99p]: already warmed (same prompt + tools)
warm[13623#5o99p]: already warmed (same prompt + tools)
warm[13623#5o99p]: already warmed (same prompt + tools)
warm[13623#5o99p]: already warmed (same prompt + tools)
warm[13623#5o99p]: already warmed (same prompt + tools)
warm[13623#5o99p]: already warmed (same prompt + tools)
warm[13623#5o99p]: already warmed (same prompt + tools)
warm[13623#5o99p]: already warmed (same prompt + tools)
warm[13623#5o99p]: already warmed (same prompt + tools)
warm[13623#5o99p]: already warmed (same prompt + tools)
warm[13623#5o99p]: already warmed (same prompt + tools)
warm[13623#5o99p]: already warmed (same prompt + tools)
warm[13623#5o99p]: already warmed (same prompt + tools)
warm[13623#5o99p]: already warmed (same prompt + tools)
warm[13623#5o99p]: already warmed (same prompt + tools)
warm[13623#5o99p]: already warmed (same prompt + tools)
warm[13623#5o99p]: already warmed (same prompt + tools)
warm[13623#5o99p]: already warmed (same prompt + tools)
warm[13623#5o99p]: already warmed (same prompt + tools)
warm[13623#5o99p]: already warmed (same prompt + tools)
warm[13623#5o99p]: already warmed (same prompt + tools)
warm[13623#5o99p]: already warmed (same prompt + tools)
warm[13623#5o99p]: already warmed (same prompt + tools)
warm[13623#5o99p]: already warmed (same prompt + tools)
warm[13623#5o99p]: already warmed (same prompt + tools)
warm[13623#5o99p]: already warmed (same prompt + tools)
warm[13623#5o99p]: already warmed (same prompt + tools)
warm[13623#5o99p]: already warmed (same prompt + tools)
warm[13623#5o99p]: already warmed (same prompt + tools)
warm[13623#5o99p]: already warmed (same prompt + tools)
warm[13623#5o99p]: already warmed (same prompt + tools)
warm[13623#5o99p]: already warmed (same prompt + tools)
warm[13623#5o99p]: already warmed (same prompt + tools)
warm[13623#5o99p]: already warmed (same prompt + tools)
warm[13623#5o99p]: already warmed (same prompt + tools)
warm[13623#5o99p]: already warmed (same prompt + tools)
warm[13623#5o99p]: already warmed (same prompt + tools)
warm[13623#5o99p]: already warmed (same prompt + tools)
warm[13623#5o99p]: already warmed (same prompt + tools)
warm[13623#5o99p]: already warmed (same prompt + tools)
warm[13623#5o99p]: already warmed (same prompt + tools)
warm[13623#5o99p]: already warmed (same prompt + tools)
warm[13623#5o99p]: already warmed (same prompt + tools)
warm[13623#5o99p]: already warmed (same prompt + tools)
warm[13623#5o99p]: already warmed (same prompt + tools)
warm[13623#5o99p]: already warmed (same prompt + tools)
warm[13623#5o99p]: already warmed (same prompt + tools)
warm[13623#5o99p]: already warmed (same prompt + tools)
warm[13623#5o99p]: already warmed (same prompt + tools)
warm[13623#5o99p]: already warmed (same prompt + tools)
warm[13623#5o99p]: already warmed (same prompt + tools)
warm[13623#5o99p]: already warmed (same prompt + tools)
warm[13623#5o99p]: already warmed (same prompt + tools)
warm[13623#5o99p]: already warmed (same prompt + tools)
warm[13623#5o99p]: already warmed (same prompt + tools)
warm[13623#5o99p]: already warmed (same prompt + tools)
warm[13623#5o99p]: already warmed (same prompt + tools)
warm[13623#5o99p]: already warmed (same prompt + tools)
warm[13623#5o99p]: already warmed (same prompt + tools)
warm[13623#5o99p]: already warmed (same prompt + tools)
warm[13623#5o99p]: already warmed (same prompt + tools)
warm[13623#5o99p]: already warmed (same prompt + tools)
warm[13623#5o99p]: already warmed (same prompt + tools)
warm[13623#5o99p]: already warmed (same prompt + tools)
warm[13623#5o99p]: already warmed (same prompt + tools)
warm[13623#5o99p]: already warmed (same prompt + tools)
warm[13623#5o99p]: already warmed (same prompt + tools)
warm[13623#5o99p]: already warmed (same prompt + tools)
warm[13623#5o99p]: already warmed (same prompt + tools)
warm[13623#5o99p]: already warmed (same prompt + tools)
warm[13623#5o99p]: already warmed (same prompt + tools)
warm[13623#5o99p]: already warmed (same prompt + tools)
warm[13623#5o99p]: already warmed (same prompt + tools)
warm[13623#5o99p]: already warmed (same prompt + tools)
warm[13623#5o99p]: already warmed (same prompt + tools)
warm[13623#5o99p]: already warmed (same prompt + tools)
warm[13623#5o99p]: already warmed (same prompt + tools)
warm[13623#5o99p]: already warmed (same prompt + tools)
warm[13623#5o99p]: already warmed (same prompt + tools)
warm[13623#5o99p]: already warmed (same prompt + tools)
warm[13623#5o99p]: already warmed (same prompt + tools)
warm[13623#5o99p]: already warmed (same prompt + tools)
warm[13623#5o99p]: already warmed (same prompt + tools)
warm[13623#5o99p]: already warmed (same prompt + tools)
warm[13623#5o99p]: already warmed (same prompt + tools)
warm[13623#5o99p]: already warmed (same prompt + tools)
warm[13623#5o99p]: already warmed (same prompt + tools)
warm[13623#5o99p]: already warmed (same prompt + tools)
warm[13623#5o99p]: already warmed (same prompt + tools)
warm[13623#5o99p]: already warmed (same prompt + tools)
warm[13623#5o99p]: already warmed (same prompt + tools)
warm[13623#5o99p]: already warmed (same prompt + tools)
warm[13623#5o99p]: already warmed (same prompt + tools)
warm[13623#5o99p]: already warmed (same prompt + tools)
warm[13623#5o99p]: already warmed (same prompt + tools)
warm[13623#5o99p]: already warmed (same prompt + tools)
warm[13623#5o99p]: already warmed (same prompt + tools)
warm[13623#5o99p]: already warmed (same prompt + tools)
warm[13623#5o99p]: already warmed (same prompt + tools)
warm[13623#5o99p]: already warmed (same prompt + tools)
warm[13623#5o99p]: already warmed (same prompt + tools)
warm[13623#5o99p]: already warmed (same prompt + tools)
warm[13623#5o99p]: already warmed (same prompt + tools)
warm[13623#5o99p]: already warmed (same prompt + tools)
warm[13623#5o99p]: already warmed (same prompt + tools)
warm[13623#5o99p]: already warmed (same prompt + tools)
warm[13623#5o99p]: already warmed (same prompt + tools)
warm[13623#5o99p]: already warmed (same prompt + tools)
warm[13623#5o99p]: already warmed (same prompt + tools)
warm[13623#5o99p]: already warmed (same prompt + tools)
warm[13623#5o99p]: already warmed (same prompt + tools)
warm[13623#5o99p]: already warmed (same prompt + tools)
warm[13623#5o99p]: already warmed (same prompt + tools)
warm[13623#5o99p]: already warmed (same prompt + tools)
warm[13623#5o99p]: already warmed (same prompt + tools)
warm[13623#5o99p]: already warmed (same prompt + tools)
warm[13623#5o99p]: already warmed (same prompt + tools)
warm[13623#5o99p]: already warmed (same prompt + tools)
warm[13623#5o99p]: already warmed (same prompt + tools)
warm[13623#5o99p]: already warmed (same prompt + tools)
warm[13623#5o99p]: already warmed (same prompt + tools)
warm[13623#5o99p]: already warmed (same prompt + tools)
warm[13623#5o99p]: already warmed (same prompt + tools)
warm[13623#5o99p]: already warmed (same prompt + tools)
warm[13623#5o99p]: already warmed (same prompt + tools)
warm[13623#5o99p]: already warmed (same prompt + tools)
warm[13623#5o99p]: already warmed (same prompt + tools)
warm[13623#5o99p]: already warmed (same prompt + tools)
warm[13623#5o99p]: already warmed (same prompt + tools)
warm[13623#5o99p]: already warmed (same prompt + tools)
warm[13623#5o99p]: already warmed (same prompt + tools)
warm[13623#5o99p]: already warmed (same prompt + tools)
warm[13623#5o99p]: already warmed (same prompt + tools)
warm[13623#5o99p]: already warmed (same prompt + tools)
warm[13623#5o99p]: already warmed (same prompt + tools)
warm[13623#5o99p]: already warmed (same prompt + tools)
warm[13623#5o99p]: already warmed (same prompt + tools)
warm[13623#5o99p]: already warmed (same prompt + tools)
warm[13623#5o99p]: already warmed (same prompt + tools)
warm[13623#5o99p]: already warmed (same prompt + tools)
warm[13623#5o99p]: already warmed (same prompt + tools)
warm[13623#5o99p]: already warmed (same prompt + tools)
warm[13623#5o99p]: already warmed (same prompt + tools)
warm[13623#5o99p]: already warmed (same prompt + tools)
warm[13623#5o99p]: already warmed (same prompt + tools)
warm[13623#5o99p]: already warmed (same prompt + tools)
warm[13623#5o99p]: already warmed (same prompt + tools)
warm[13623#5o99p]: already warmed (same prompt + tools)
warm[13623#5o99p]: already warmed (same prompt + tools)
warm[13623#5o99p]: already warmed (same prompt + tools)
warm[13623#5o99p]: already warmed (same prompt + tools)
warm[13623#5o99p]: already warmed (same prompt + tools)
warm[13623#5o99p]: already warmed (same prompt + tools)
warm[13623#5o99p]: already warmed (same prompt + tools)
warm[13623#5o99p]: already warmed (same prompt + tools)
warm[13623#5o99p]: already warmed (same prompt + tools)
warm[13623#5o99p]: already warmed (same prompt + tools)
warm[13623#5o99p]: already warmed (same prompt + tools)
warm[13623#5o99p]: already warmed (same prompt + tools)
warm[13623#5o99p]: already warmed (same prompt + tools)
warm[13623#5o99p]: already warmed (same prompt + tools)
warm[13623#5o99p]: already warmed (same prompt + tools)
warm[13623#5o99p]: already warmed (same prompt + tools)
warm[13623#5o99p]: already warmed (same prompt + tools)
warm[13623#5o99p]: already warmed (same prompt + tools)
warm[13623#5o99p]: already warmed (same prompt + tools)
warm[13623#5o99p]: already warmed (same prompt + tools)
warm[13623#5o99p]: already warmed (same prompt + tools)
warm[13623#5o99p]: already warmed (same prompt + tools)
warm[13623#5o99p]: already warmed (same prompt + tools)
warm[13623#5o99p]: already warmed (same prompt + tools)
warm[13623#5o99p]: already warmed (same prompt + tools)
warm[13623#5o99p]: already warmed (same prompt + tools)
warm[13623#5o99p]: already warmed (same prompt + tools)
warm[13623#5o99p]: already warmed (same prompt + tools)
warm[13623#5o99p]: already warmed (same prompt + tools)
warm[13623#5o99p]: already warmed (same prompt + tools)
warm[13623#5o99p]: already warmed (same prompt + tools)
warm[13623#5o99p]: already warmed (same prompt + tools)
warm[13623#5o99p]: already warmed (same prompt + tools)
warm[13623#5o99p]: already warmed (same prompt + tools)
warm[13623#5o99p]: already warmed (same prompt + tools)
warm[13623#5o99p]: already warmed (same prompt + tools)
warm[13623#5o99p]: already warmed (same prompt + tools)
warm[13623#5o99p]: already warmed (same prompt + tools)
warm[13623#5o99p]: already warmed (same prompt + tools)
warm[13623#5o99p]: already warmed (same prompt + tools)
warm[13623#5o99p]: already warmed (same prompt + tools)
warm[13623#5o99p]: already warmed (same prompt + tools)
warm[13623#5o99p]: already warmed (same prompt + tools)
warm[13623#5o99p]: already warmed (same prompt + tools)
warm[13623#5o99p]: already warmed (same prompt + tools)
warm[13623#5o99p]: already warmed (same prompt + tools)
warm[13623#5o99p]: already warmed (same prompt + tools)
warm[13623#5o99p]: already warmed (same prompt + tools)
warm[13623#5o99p]: already warmed (same prompt + tools)
warm[13623#5o99p]: already warmed (same prompt + tools)
warm[13623#5o99p]: already warmed (same prompt + tools)
warm[13623#5o99p]: already warmed (same prompt + tools)
warm[13623#5o99p]: already warmed (same prompt + tools)
warm[13623#5o99p]: already warmed (same prompt + tools)
warm[13623#5o99p]: already warmed (same prompt + tools)
warm[13623#5o99p]: already warmed (same prompt + tools)
warm[13623#5o99p]: already warmed (same prompt + tools)
warm[13623#5o99p]: already warmed (same prompt + tools)
warm[13623#5o99p]: already warmed (same prompt + tools)
warm[13623#5o99p]: already warmed (same prompt + tools)
warm[13623#5o99p]: already warmed (same prompt + tools)
warm[13623#5o99p]: already warmed (same prompt + tools)
warm[13623#5o99p]: already warmed (same prompt + tools)
warm[13623#5o99p]: already warmed (same prompt + tools)
warm[13623#5o99p]: already warmed (same prompt + tools)
warm[13623#5o99p]: already warmed (same prompt + tools)
warm[13623#5o99p]: already warmed (same prompt + tools)
warm[13623#5o99p]: already warmed (same prompt + tools)
warm[13623#5o99p]: already warmed (same prompt + tools)
warm[13623#5o99p]: already warmed (same prompt + tools)
warm[13623#5o99p]: already warmed (same prompt + tools)
warm[13623#5o99p]: already warmed (same prompt + tools)
warm[13623#5o99p]: already warmed (same prompt + tools)
warm[13623#5o99p]: already warmed (same prompt + tools)
warm[13623#5o99p]: already warmed (same prompt + tools)
warm[13623#5o99p]: already warmed (same prompt + tools)
warm[13623#5o99p]: already warmed (same prompt + tools)
warm[13623#5o99p]: already warmed (same prompt + tools)
warm[13623#5o99p]: already warmed (same prompt + tools)
warm[13623#5o99p]: already warmed (same prompt + tools)
warm[13623#5o99p]: already warmed (same prompt + tools)
warm[13623#5o99p]: already warmed (same prompt + tools)
warm[13623#5o99p]: already warmed (same prompt + tools)
warm[13623#5o99p]: already warmed (same prompt + tools)
warm[13623#5o99p]: already warmed (same prompt + tools)
warm[13623#5o99p]: already warmed (same prompt + tools)
warm[13623#5o99p]: already warmed (same prompt + tools)
warm[13623#5o99p]: already warmed (same prompt + tools)
warm[13623#5o99p]: already warmed (same prompt + tools)
warm[13623#5o99p]: already warmed (same prompt + tools)
warm[13623#5o99p]: already warmed (same prompt + tools)
warm[13623#5o99p]: already warmed (same prompt + tools)
warm[13623#5o99p]: already warmed (same prompt + tools)
warm[13623#5o99p]: already warmed (same prompt + tools)
warm[13623#5o99p]: already warmed (same prompt + tools)
warm[13623#5o99p]: already warmed (same prompt + tools)
warm[13623#5o99p]: already warmed (same prompt + tools)
warm[13623#5o99p]: already warmed (same prompt + tools)
warm[13623#5o99p]: already warmed (same prompt + tools)
warm[13623#5o99p]: already warmed (same prompt + tools)
warm[13623#5o99p]: already warmed (same prompt + tools)
warm[13623#5o99p]: already warmed (same prompt + tools)
warm[13623#5o99p]: already warmed (same prompt + tools)
warm[13623#5o99p]: already warmed (same prompt + tools)
warm[13623#5o99p]: already warmed (same prompt + tools)
warm[13623#5o99p]: already warmed (same prompt + tools)
warm[13623#5o99p]: already warmed (same prompt + tools)
warm[13623#5o99p]: already warmed (same prompt + tools)
warm[13623#5o99p]: already warmed (same prompt + tools)
warm[13623#5o99p]: already warmed (same prompt + tools)
warm[13623#5o99p]: already warmed (same prompt + tools)
warm[13623#5o99p]: already warmed (same prompt + tools)
warm[13623#5o99p]: already warmed (same prompt + tools)
warm[13623#5o99p]: already warmed (same prompt + tools)
warm[13623#5o99p]: already warmed (same prompt + tools)
warm[13623#5o99p]: already warmed (same prompt + tools)
warm[13623#5o99p]: already warmed (same prompt + tools)
warm[13623#5o99p]: already warmed (same prompt + tools)
warm[13623#5o99p]: already warmed (same prompt + tools)
warm[13623#5o99p]: already warmed (same prompt + tools)
warm[13623#5o99p]: already warmed (same prompt + tools)
warm[13623#5o99p]: already warmed (same prompt + tools)
warm[13623#5o99p]: already warmed (same prompt + tools)
warm[13623#5o99p]: already warmed (same prompt + tools)
warm[13623#5o99p]: already warmed (same prompt + tools)
warm[13623#5o99p]: already warmed (same prompt + tools)
warm[13623#5o99p]: already warmed (same prompt + tools)
warm[13623#5o99p]: already warmed (same prompt + tools)
warm[13623#5o99p]: already warmed (same prompt + tools)
warm[13623#5o99p]: already warmed (same prompt + tools)
warm[13623#5o99p]: already warmed (same prompt + tools)
warm[13623#5o99p]: already warmed (same prompt + tools)
warm[13623#5o99p]: already warmed (same prompt + tools)
warm[13623#5o99p]: already warmed (same prompt + tools)
warm[13623#5o99p]: already warmed (same prompt + tools)
warm[13623#5o99p]: already warmed (same prompt + tools)
warm[13623#5o99p]: already warmed (same prompt + tools)
warm[13623#5o99p]: already warmed (same prompt + tools)
warm[13623#5o99p]: already warmed (same prompt + tools)
warm[13623#5o99p]: already warmed (same prompt + tools)
warm[13623#5o99p]: already warmed (same prompt + tools)
warm[13623#5o99p]: already warmed (same prompt + tools)
warm[13623#5o99p]: already warmed (same prompt + tools)
warm[13623#5o99p]: already warmed (same prompt + tools)
warm[13623#5o99p]: already warmed (same prompt + tools)
warm[13623#5o99p]: already warmed (same prompt + tools)
warm[13623#5o99p]: already warmed (same prompt + tools)
warm[13623#5o99p]: already warmed (same prompt + tools)
warm[13623#5o99p]: already warmed (same prompt + tools)
warm[13623#5o99p]: already warmed (same prompt + tools)
warm[13623#5o99p]: already warmed (same prompt + tools)
warm[13623#5o99p]: already warmed (same prompt + tools)
warm[13623#5o99p]: already warmed (same prompt + tools)
warm[13623#5o99p]: already warmed (same prompt + tools)
warm[13623#5o99p]: already warmed (same prompt + tools)
warm[13623#5o99p]: already warmed (same prompt + tools)
warm[13623#5o99p]: already warmed (same prompt + tools)
warm[13623#5o99p]: already warmed (same prompt + tools)
warm[13623#5o99p]: already warmed (same prompt + tools)
warm[13623#5o99p]: already warmed (same prompt + tools)
warm[13623#5o99p]: already warmed (same prompt + tools)
warm[13623#5o99p]: already warmed (same prompt + tools)
warm[13623#5o99p]: already warmed (same prompt + tools)
warm[13623#5o99p]: already warmed (same prompt + tools)
warm[13623#5o99p]: already warmed (same prompt + tools)
warm[13623#5o99p]: already warmed (same prompt + tools)
warm[13623#5o99p]: already warmed (same prompt + tools)
warm[13623#5o99p]: already warmed (same prompt + tools)
warm[13623#5o99p]: already warmed (same prompt + tools)
warm[13623#5o99p]: already warmed (same prompt + tools)
warm[13623#5o99p]: already warmed (same prompt + tools)
warm[13623#5o99p]: already warmed (same prompt + tools)
warm[13623#5o99p]: already warmed (same prompt + tools)
warm[13623#5o99p]: already warmed (same prompt + tools)
warm[13623#5o99p]: already warmed (same prompt + tools)
warm[13623#5o99p]: already warmed (same prompt + tools)
warm[13623#5o99p]: already warmed (same prompt + tools)
warm[13623#5o99p]: already warmed (same prompt + tools)
warm[13623#5o99p]: already warmed (same prompt + tools)
warm[13623#5o99p]: already warmed (same prompt + tools)
warm[13623#5o99p]: already warmed (same prompt + tools)
warm[13623#5o99p]: already warmed (same prompt + tools)
warm[13623#5o99p]: already warmed (same prompt + tools)
warm[13623#5o99p]: already warmed (same prompt + tools)
warm[13623#5o99p]: pi rebuilt its system prompt (17646→17356 chars); keeping the frozen one so the KV prefix survives
warm[13623#5o99p]: already warmed (same prompt + tools)
warm[13623#5o99p]: pi rebuilt its system prompt (17646→17356 chars); keeping the frozen one so the KV prefix survives
warm[13623#5o99p]: already warmed (same prompt + tools)
warm[13623#5o99p]: pi rebuilt its system prompt (17646→17356 chars); keeping the frozen one so the KV prefix survives
warm[13623#5o99p]: already warmed (same prompt + tools)
warm[13623#5o99p]: pi rebuilt its system prompt (17646→17356 chars); keeping the frozen one so the KV prefix survives
warm[13623#5o99p]: already warmed (same prompt + tools)
warm[13623#5o99p]: pi rebuilt its system prompt (17646→17356 chars); keeping the frozen one so the KV prefix survives
warm[13623#5o99p]: already warmed (same prompt + tools)
slot: 1788807615403 utility call starts — "Before continuing, respond with ONLY a JSON object describin"
warm[13623#5o99p]: pi rebuilt its system prompt (17646→17356 chars); keeping the frozen one so the KV prefix survives
warm[13623#5o99p]: already warmed (same prompt + tools)
warm[17764#lvs5a]: waiting a tick for the system prompt to settle
warm[17764#lvs5a]: tool set changed (18) — waiting a tick for it to settle
warm[17764#lvs5a]: WARMING 17646 chars, 18 tools [capability,use,read,write,edit,bash,update_plan,ask_user,present,generate_image,generate_video,generate_speech,generate_music,generate_sfx,web_search,web_fetch,spawn_subagent,talk_to_manager], hasUI=true
slot: 1788807619642 utility call starts — "."
warm[17764#lvs5a]: already warmed (same prompt + tools)
warm[17764#lvs5a]: already warmed (same prompt + tools)
warm[17764#lvs5a]: already warmed (same prompt + tools)
warm[17764#lvs5a]: already warmed (same prompt + tools)
warm[17764#lvs5a]: already warmed (same prompt + tools)
warm[17764#lvs5a]: already warmed (same prompt + tools)
warm[17764#lvs5a]: already warmed (same prompt + tools)
warm[17764#lvs5a]: already warmed (same prompt + tools)
slot: 1788807627825 utility call done in 8183ms — "."
warm[17764#lvs5a]: warm result ok=true in 8183ms
warm[17764#lvs5a]: already warmed (same prompt + tools)
warm[17764#lvs5a]: already warmed (same prompt + tools)
warm[17764#lvs5a]: already warmed (same prompt + tools)
slot: 1788807630949 utility call starts — "Before continuing, respond with ONLY a JSON object describin"
slot: 1788807630975 utility call done in 26ms — "Before continuing, respond with ONLY a JSON object describin"
